Command: /home/phys/.espressif/python_env/idf6.1_py3.12_env/bin/python /home/phys/esp/esp-idf/tools/idf_monitor.py -p /dev/ttyUSB0 -b 115200 --toolchain-prefix xtensa-esp32-elf- --target esp32 --revision 0 /home/phys/Projects/esp32-cam/build/esp32-cam-webserver.elf /home/phys/Projects/esp32-cam/build/bootloader/bootloader.elf -m '/home/phys/.espressif/python_env/idf6.1_py3.12_env/bin/python' '/home/phys/esp/esp-idf/tools/idf.py'
ets Jun  8 2016 00:22:57

rst:0x1 (POWERON_RESET),b�ets Jun  8 2016 00:22:57

rst:0x1 (POWERON_RESET),boot:0x13 (SPI_FAST_FLASH_BOOT)
configsip: 0, SPIWP:0xee
clk_drv:0x00,q_drv:0x00,d_drv:0x00,cs0_drv:0x00,hd_drv:0x00,wp_drv:0x00
mode:DIO, clock div:2
load:0x3fff0040,len:6376
load:0x40078000,len:15900
ho 0 tail 12 room 4
load:0x40080400,len:3920
entry 0x40080644
[0;32mI (29) boot: ESP-IDF v6.1-dev-786-g130fdc7ce7-dirty 2nd stage bootloader[0m
[0;32mI (29) boot: compile time Jan 29 2026 13:53:54[0m
[0;32mI (29) boot: Multicore bootloader[0m
[0;32mI (33) boot: chip revision: v1.0[0m
[0;32mI (35) boot.esp32: SPI Speed      : 40MHz[0m
[0;32mI (39) boot.esp32: SPI Mode       : DIO[0m
[0;32mI (43) boot.esp32: SPI Flash Size : 2MB[0m
[0;32mI (46) boot: Enabling RNG early entropy source...[0m
[0;32mI (51) boot: Partition Table:[0m
[0;32mI (53) boot: ## Label            Usage          Type ST Offset   Length[0m
[0;32mI (60) boot:  0 nvs              WiFi data        01 02 00009000 00006000[0m
[0;32mI (66) boot:  1 phy_init         RF data          01 01 0000f000 00001000[0m
[0;32mI (73) boot:  2 factory          factory app      00 00 00010000 00100000[0m
[0;32mI (79) boot: End of partition table[0m
[0;32mI (83) esp_image: segment 0: paddr=00010020 vaddr=3f400020 size=20468h (132200) map[0m
[0;32mI (137) esp_image: segment 1: paddr=00030490 vaddr=3ffb0000 size=066b4h ( 26292) load[0m
[0;32mI (147) esp_image: segment 2: paddr=00036b4c vaddr=40080000 size=094cch ( 38092) load[0m
[0;32mI (163) esp_image: segment 3: paddr=00040020 vaddr=400d0020 size=9f7c4h (653252) map[0m
[0;32mI (396) esp_image: segment 4: paddr=000df7ec vaddr=400894cc size=0cd9ch ( 52636) load[0m
[0;32mI (418) esp_image: segment 5: paddr=000ec590 vaddr=50000000 size=00028h (    40) load[0m
[0;32mI (430) boot: Loaded app from partition at offset 0x10000[0m
[0;32mI (430) boot: Disabling RNG early entropy source...[0m
[0;32mI (440) cpu_start: Multicore app[0m
[0;32mI (449) cpu_start: GPIO 3 and 1 are used as console UART I/O pins[0m
[0;32mI (449) cpu_start: Pro cpu start user code[0m
[0;32mI (449) cpu_start: cpu freq: 160000000 Hz[0m
[0;32mI (451) app_init: Application information:[0m
[0;32mI (455) app_init: Project name:     esp32-cam-webserver[0m
[0;32mI (460) app_init: App version:      1[0m
[0;32mI (463) app_init: Compile time:     Jan 29 2026 13:53:51[0m
[0;32mI (468) app_init: ELF file SHA256:  b48429938...[0m
[0;32mI (472) app_init: ESP-IDF:          v6.1-dev-786-g130fdc7ce7-dirty[0m
[0;32mI (478) efuse_init: Min chip rev:     v0.0[0m
[0;32mI (482) efuse_init: Max chip rev:     v3.99 [0m
[0;32mI (486) efuse_init: Chip rev:         v1.0[0m
[0;32mI (490) heap_init: Initializing. RAM available for dynamic allocation:[0m
[0;32mI (496) heap_init: At 3FFAE6E0 len 00001920 (6 KiB): DRAM[0m
[0;32mI (501) heap_init: At 3FFBB3C0 len 00024C40 (147 KiB): DRAM[0m
[0;32mI (506) heap_init: At 3FFE0440 len 00003AE0 (14 KiB): D/IRAM[0m
[0;32mI (512) heap_init: At 3FFE4350 len 0001BCB0 (111 KiB): D/IRAM[0m
[0;32mI (517) heap_init: At 40096268 len 00009D98 (39 KiB): IRAM[0m
[0;32mI (524) spi_flash: detected chip: generic[0m
[0;32mI (526) spi_flash: flash io: dio[0m
[0;33mW (529) spi_flash: Detected size(4096k) larger than the size in the binary image header(2048k). Using the size in the binary image header.[0m
[0;32mI (543) main_task: Started on CPU0[0m
[0;32mI (553) main_task: Calling app_main()[0m
[0;32mI (553) esp32-cam-webserver: ESP32 CAM Web Server Starting...[0m
[0;32mI (573) esp32-cam-webserver: Initializing camera...[0m
[0;32mI (573) cam_hal: cam init ok[0m
[0;32mI (573) sccb-ng: pin_sda 26 pin_scl 27[0m
[0;32mI (583) sccb-ng: sccb_i2c_port=1[0m
[0;32mI (613) camera: Camera PID=0x26 VER=0x42 MIDL=0x7f MIDH=0xa2[0m
[0;32mI (613) camera: Detected OV2640 camera[0m
[0;32mI (613) camera: Detected camera at address=0x30[0m
[0;32mI (683) cam_hal: PSRAM DMA mode disabled[0m
[0;32mI (683) cam_hal: buffer_size: 32768, half_buffer_size: 4096, node_buffer_size: 2048, node_cnt: 16, total_cnt: 3[0m
[0;32mI (683) cam_hal: Allocating 15360 Byte frame buffer in OnBoard RAM[0m
[0;32mI (693) cam_hal: Allocating 15360 Byte frame buffer in OnBoard RAM[0m
[0;32mI (703) cam_hal: cam config ok[0m
[0;32mI (703) ov2640: Set PLL: clk_2x: 0, clk_div: 0, pclk_auto: 0, pclk_div: 8[0m
[0;32mI (773) esp32-cam-webserver: Camera initialized successfully[0m
[0;32mI (773) esp32-cam-webserver: Connecting to WiFi...[0m
[0;32mI (793) wifi:wifi driver task: 3ffcc4d0, prio:23, stack:6656, core=0[0m
[0;32mI (803) wifi:wifi firmware version: 6a8253a[0m
[0;32mI (803) wifi:wifi certification version: v7.0[0m
[0;32mI (803) wifi:config NVS flash: enabled[0m
[0;32mI (803) wifi:config nano formatting: disabled[0m
[0;32mI (813) wifi:Init data frame dynamic rx buffer num: 32[0m
[0;32mI (813) wifi:Init static rx mgmt buffer num: 5[0m
[0;32mI (813) wifi:Init management short buffer num: 32[0m
[0;32mI (823) wifi:Init dynamic tx buffer num: 32[0m
[0;32mI (823) wifi:Init static rx buffer size: 1600[0m
[0;32mI (833) wifi:Init static rx buffer num: 10[0m
[0;32mI (833) wifi:Init dynamic rx buffer num: 32[0m
[0;32mI (843) wifi_init: rx ba win: 6[0m
[0;32mI (843) wifi_init: accept mbox: 6[0m
[0;32mI (843) wifi_init: tcpip mbox: 32[0m
[0;32mI (843) wifi_init: udp mbox: 6[0m
[0;32mI (853) wifi_init: tcp mbox: 6[0m
[0;32mI (853) wifi_init: tcp tx win: 5760[0m
[0;32mI (853) wifi_init: tcp rx win: 5760[0m
[0;32mI (863) wifi_init: tcp mss: 1440[0m
[0;32mI (863) wifi_init: WiFi IRAM OP enabled[0m
[0;32mI (863) wifi_init: WiFi RX IRAM OP enabled[0m
[0;32mI (873) phy_init: phy_version 4863,a3a4459,Oct 28 2025,14:30:06[0m
[0;32mI (953) wifi:mode : sta (0c:dc:7e:63:04:40)[0m
[0;32mI (963) wifi:enable tsf[0m
[0;32mI (963) esp32-cam-webserver: wifi_init_sta finished.[0m
[0;32mI (973) wifi:new:<1,0>, old:<1,0>, ap:<255,255>, sta:<1,0>, prof:1, snd_ch_cfg:0x0[0m
[0;32mI (973) wifi:state: init -> auth (0xb0)[0m
[0;32mI (1033) wifi:state: auth -> assoc (0x0)[0m
[0;32mI (1043) wifi:state: assoc -> run (0x10)[0m
[0;32mI (1063) wifi:<ba-add>idx:0 (ifx:0, 8c:c8:4b:be:5c:c5), tid:0, ssn:0, winSize:64[0m
[0;32mI (1123) wifi:connected with Stefan1, aid = 1, channel 1, BW20, bssid = 8c:c8:4b:be:5c:c5[0m
[0;32mI (1123) wifi:security: WPA2-PSK, phy: bgn, rssi: -36[0m
[0;32mI (1133) wifi:pm start, type: 1[0m

[0;32mI (1133) wifi:dp: 1, bi: 102400, li: 3, scale listen interval from 307200 us to 307200 us[0m
[0;32mI (1223) wifi:AP's beacon interval = 102400 us, DTIM period = 1[0m
[0;32mI (3673) esp_netif_handlers: sta ip: 192.168.1.25, mask: 255.255.255.0, gw: 192.168.1.1[0m
[0;32mI (3673) esp32-cam-webserver: got ip:192.168.1.25[0m
[0;32mI (3673) esp32-cam-webserver: connected to ap SSID:Stefan1[0m
[0;32mI (3673) esp32-cam-webserver: Starting web server...[0m
[0;32mI (3683) esp32-cam-webserver: Web server started. Access at http://<ip>/[0m
[0;33mW (38383) httpd_txrx: httpd_sock_err: error in send : 104[0m
[0;33mW (38393) httpd_txrx: httpd_sock_err: error in recv : 104[0m
[0;33mW (38773) httpd_txrx: httpd_sock_err: error in send : 104[0m
[0;33mW (38773) httpd_txrx: httpd_sock_err: error in recv : 104[0m
[0;33mW (38773) httpd_uri: httpd_uri: URI '/favicon.ico' not found[0m
[0;33mW (38773) httpd_txrx: httpd_resp_send_err: 404 Not Found - Nothing matches the given URI[0m
